BuffyTheVampireSlayer.Season02.Episode01
BuffyTheVampireSlayer.Season02.Episode02
BuffyTheVampireSlayer.Season02.Episode03
BuffyTheVampireSlayer.Season02.Episode04
BuffyTheVampireSlayer.Season02.Episode05
BuffyTheVampireSlayer.Season02.Episode06
BuffyTheVampireSlayer.Season02.Episode07
BuffyTheVampireSlayer.Season02.Episode08
BuffyTheVampireSlayer.Season02.Episode09
BuffyTheVampireSlayer.Season02.Episode10
BuffyTheVampireSlayer.Season02.Episode11
BuffyTheVampireSlayer.Season02.Episode12
BuffyTheVampireSlayer.Season02.Episode13
BuffyTheVampireSlayer.Season02.Episode14
BuffyTheVampireSlayer.Season02.Episode15
BuffyTheVampireSlayer.Season02.Episode16
BuffyTheVampireSlayer.Season02.Episode17
BuffyTheVampireSlayer.Season02.Episode18
BuffyTheVampireSlayer.Season02.Episode19
BuffyTheVampireSlayer.Season02.Episode20
BuffyTheVampireSlayer.Season02.Episode21
BuffyTheVampireSlayer.Season02.Episode22
BuffyTheVampireSlayer.Season03.Episode01
BuffyTheVampireSlayer.Season03.Episode02
BuffyTheVampireSlayer.Season03.Episode03
BuffyTheVampireSlayer.Season03.Episode04
BuffyTheVampireSlayer.Season03.Episode05
BuffyTheVampireSlayer.Season03.Episode06
BuffyTheVampireSlayer.Season03.Episode07
BuffyTheVampireSlayer.Season03.Episode08
BuffyTheVampireSlayer.Season03.Episode09
BuffyTheVampireSlayer.Season03.Episode10
BuffyTheVampireSlayer.Season03.Episode11
BuffyTheVampireSlayer.Season03.Episode12
BuffyTheVampireSlayer.Season03.Episode13
BuffyTheVampireSlayer.Season03.Episode14
BuffyTheVampireSlayer.Season03.Episode15
BuffyTheVampireSlayer.Season03.Episode16
BuffyTheVampireSlayer.Season03.Episode17
BuffyTheVampireSlayer.Season03.Episode18
BuffyTheVampireSlayer.Season03.Episode19
BuffyTheVampireSlayer.Season03.Episode20
BuffyTheVampireSlayer.Season03.Episode21
BuffyTheVampireSlayer.Season03.Episode22