BreakingBad.Season03.Episode01
BreakingBad.Season03.Episode02
BreakingBad.Season03.Episode03
BreakingBad.Season03.Episode04
BreakingBad.Season03.Episode05
BreakingBad.Season03.Episode06
BreakingBad.Season03.Episode07
BreakingBad.Season03.Episode08
BreakingBad.Season03.Episode09
BreakingBad.Season03.Episode10
BreakingBad.Season03.Episode11
BreakingBad.Season03.Episode12
BreakingBad.Season03.Episode13
BreakingBad.Season04.Episode01
BreakingBad.Season04.Episode02
BreakingBad.Season04.Episode03
BreakingBad.Season04.Episode04
BreakingBad.Season04.Episode05
BreakingBad.Season04.Episode06
BreakingBad.Season04.Episode07
BreakingBad.Season04.Episode08
BreakingBad.Season04.Episode09
BreakingBad.Season04.Episode10
BreakingBad.Season04.Episode11
BreakingBad.Season04.Episode12
BreakingBad.Season04.Episode13
BreakingBad.Season05.Episode01
BreakingBad.Season05.Episode02
BreakingBad.Season05.Episode03
BreakingBad.Season05.Episode04
BreakingBad.Season05.Episode05
BreakingBad.Season05.Episode06
BreakingBad.Season05.Episode07
BreakingBad.Season05.Episode08
BreakingBad.Season05.Episode09
BreakingBad.Season05.Episode10
BreakingBad.Season05.Episode11
BreakingBad.Season05.Episode12
BreakingBad.Season05.Episode13
BreakingBad.Season05.Episode14
BreakingBad.Season05.Episode15
BreakingBad.Season05.Episode16
