Friends.Season02.Episode22
Friends.Season03.Episode11
Friends.Season03.Episode02
Friends.Season02.Episode02
Friends.Season03.Episode25
Friends.Season03.Episode16
Friends.Season03.Episode22
Friends.Season02.Episode03
Friends.Season02.Episode18
Friends.Season03.Episode06
Friends.Season02.Episode20
Friends.Season03.Episode15
Friends.Season02.Episode06
Friends.Season02.Episode13
Friends.Season03.Episode14
Friends.Season03.Episode24
Friends.Season02.Episode11
Friends.Season02.Episode17
Friends.Season03.Episode18
Friends.Season02.Episode23
Friends.Season02.Episode07
Friends.Season02.Episode21
Friends.Season02.Episode15
Friends.Season03.Episode12
Friends.Season02.Episode16
Friends.Season02.Episode09
Friends.Season03.Episode10
Friends.Season03.Episode20
Friends.Season03.Episode01
Friends.Season03.Episode21
Friends.Season02.Episode04
Friends.Season03.Episode17
Friends.Season02.Episode19
Friends.Season03.Episode19
Friends.Season02.Episode12
Friends.Season02.Episode05
Friends.Season03.Episode05
Friends.Season02.Episode14
Friends.Season03.Episode23
Friends.Season03.Episode07
Friends.Season02.Episode24
Friends.Season03.Episode08
Friends.Season03.Episode09
Friends.Season02.Episode01
Friends.Season02.Episode10
Friends.Season02.Episode08
Friends.Season03.Episode03
Friends.Season03.Episode04
Friends.Season03.Episode13