BattlestarGalactica.Season03.Episode01
BattlestarGalactica.Season03.Episode02
BattlestarGalactica.Season03.Episode03
BattlestarGalactica.Season03.Episode04
BattlestarGalactica.Season03.Episode05
BattlestarGalactica.Season03.Episode06
BattlestarGalactica.Season03.Episode07
BattlestarGalactica.Season03.Episode08
BattlestarGalactica.Season03.Episode09
BattlestarGalactica.Season03.Episode10
BattlestarGalactica.Season03.Episode11
BattlestarGalactica.Season03.Episode12
BattlestarGalactica.Season03.Episode13
BattlestarGalactica.Season03.Episode14
BattlestarGalactica.Season03.Episode15
BattlestarGalactica.Season03.Episode16
BattlestarGalactica.Season03.Episode17
BattlestarGalactica.Season03.Episode18
BattlestarGalactica.Season03.Episode19
BattlestarGalactica.Season03.Episode20
BattlestarGalactica.Season04.Episode01
BattlestarGalactica.Season04.Episode02
BattlestarGalactica.Season04.Episode03
BattlestarGalactica.Season04.Episode04
BattlestarGalactica.Season04.Episode05
BattlestarGalactica.Season04.Episode06
BattlestarGalactica.Season04.Episode07
BattlestarGalactica.Season04.Episode08
BattlestarGalactica.Season04.Episode09
BattlestarGalactica.Season04.Episode10
BattlestarGalactica.Season04.Episode11
BattlestarGalactica.Season04.Episode12
BattlestarGalactica.Season04.Episode13
BattlestarGalactica.Season04.Episode14
BattlestarGalactica.Season04.Episode15
BattlestarGalactica.Season04.Episode16
BattlestarGalactica.Season04.Episode17
BattlestarGalactica.Season04.Episode18
BattlestarGalactica.Season04.Episode19