TheOffice.Season02.Episode01
TheOffice.Season02.Episode02
TheOffice.Season02.Episode03
TheOffice.Season02.Episode04
TheOffice.Season02.Episode05
TheOffice.Season02.Episode06
TheOffice.Season02.Episode07
TheOffice.Season02.Episode08
TheOffice.Season02.Episode09
TheOffice.Season02.Episode10
TheOffice.Season02.Episode11
TheOffice.Season02.Episode12
TheOffice.Season02.Episode13
TheOffice.Season02.Episode14
TheOffice.Season02.Episode15
TheOffice.Season02.Episode16
TheOffice.Season02.Episode17
TheOffice.Season02.Episode19
TheOffice.Season02.Episode20
TheOffice.Season02.Episode21
TheOffice.Season02.Episode22
TheOffice.Season03.Episode01
TheOffice.Season03.Episode02
TheOffice.Season03.Episode03
TheOffice.Season03.Episode04
TheOffice.Season03.Episode05
TheOffice.Season03.Episode06
TheOffice.Season03.Episode07
TheOffice.Season03.Episode08
TheOffice.Season03.Episode09
TheOffice.Season03.Episode10
TheOffice.Season03.Episode11
TheOffice.Season03.Episode12
TheOffice.Season03.Episode13
TheOffice.Season03.Episode14
TheOffice.Season03.Episode15
TheOffice.Season03.Episode16
TheOffice.Season03.Episode17
TheOffice.Season03.Episode18
TheOffice.Season03.Episode19
TheOffice.Season03.Episode20
TheOffice.Season03.Episode21
TheOffice.Season03.Episode22
TheOffice.Season03.Episode23