TheBigBangTheory.Season02.Episode01
TheBigBangTheory.Season02.Episode02
TheBigBangTheory.Season02.Episode03
TheBigBangTheory.Season02.Episode04
TheBigBangTheory.Season02.Episode05
TheBigBangTheory.Season02.Episode06
TheBigBangTheory.Season02.Episode07
TheBigBangTheory.Season02.Episode08
TheBigBangTheory.Season02.Episode09
TheBigBangTheory.Season02.Episode10
TheBigBangTheory.Season02.Episode11
TheBigBangTheory.Season02.Episode12
TheBigBangTheory.Season02.Episode13
TheBigBangTheory.Season02.Episode14
TheBigBangTheory.Season02.Episode15
TheBigBangTheory.Season02.Episode16
TheBigBangTheory.Season02.Episode17
TheBigBangTheory.Season02.Episode18
TheBigBangTheory.Season02.Episode19
TheBigBangTheory.Season02.Episode20
TheBigBangTheory.Season02.Episode21
TheBigBangTheory.Season02.Episode22
TheBigBangTheory.Season02.Episode23
TheBigBangTheory.Season03.Episode01
TheBigBangTheory.Season03.Episode02
TheBigBangTheory.Season03.Episode03
TheBigBangTheory.Season03.Episode04
TheBigBangTheory.Season03.Episode05
TheBigBangTheory.Season03.Episode06
TheBigBangTheory.Season03.Episode07
TheBigBangTheory.Season03.Episode08
TheBigBangTheory.Season03.Episode09
TheBigBangTheory.Season03.Episode10
TheBigBangTheory.Season03.Episode11
TheBigBangTheory.Season03.Episode12
TheBigBangTheory.Season03.Episode13
TheBigBangTheory.Season03.Episode14
TheBigBangTheory.Season03.Episode15
TheBigBangTheory.Season03.Episode16
TheBigBangTheory.Season03.Episode17
TheBigBangTheory.Season03.Episode18
TheBigBangTheory.Season03.Episode19
TheBigBangTheory.Season03.Episode20
TheBigBangTheory.Season03.Episode21
TheBigBangTheory.Season03.Episode22
TheBigBangTheory.Season03.Episode23