TheWalkingDead.Season04.Episode01
TheWalkingDead.Season04.Episode02
TheWalkingDead.Season04.Episode03
TheWalkingDead.Season04.Episode04
TheWalkingDead.Season04.Episode05
TheWalkingDead.Season04.Episode08
TheWalkingDead.Season04.Episode09
TheWalkingDead.Season04.Episode10
TheWalkingDead.Season04.Episode11
TheWalkingDead.Season04.Episode12
TheWalkingDead.Season04.Episode13
TheWalkingDead.Season04.Episode14
TheWalkingDead.Season04.Episode15
TheWalkingDead.Season04.Episode16
TheWalkingDead.Season05.Episode01
TheWalkingDead.Season05.Episode02
TheWalkingDead.Season05.Episode03
TheWalkingDead.Season05.Episode04
TheWalkingDead.Season05.Episode05
TheWalkingDead.Season05.Episode06
TheWalkingDead.Season05.Episode07
TheWalkingDead.Season05.Episode08
TheWalkingDead.Season05.Episode09
TheWalkingDead.Season05.Episode11
TheWalkingDead.Season05.Episode12
TheWalkingDead.Season05.Episode13
TheWalkingDead.Season05.Episode14
TheWalkingDead.Season05.Episode15
TheWalkingDead.Season05.Episode16
TheWalkingDead.Season06.Episode01
TheWalkingDead.Season06.Episode02
TheWalkingDead.Season06.Episode03
TheWalkingDead.Season06.Episode04
TheWalkingDead.Season06.Episode05
TheWalkingDead.Season06.Episode06
TheWalkingDead.Season06.Episode07
TheWalkingDead.Season06.Episode08
TheWalkingDead.Season06.Episode09
TheWalkingDead.Season06.Episode10
TheWalkingDead.Season06.Episode11
TheWalkingDead.Season06.Episode12
TheWalkingDead.Season06.Episode13
TheWalkingDead.Season06.Episode14
TheWalkingDead.Season06.Episode15
TheWalkingDead.Season06.Episode16
TheWalkingDead.Season07.Episode04
TheWalkingDead.Season07.Episode05
TheWalkingDead.Season07.Episode06
TheWalkingDead.Season07.Episode07
TheWalkingDead.Season07.Episode08
TheWalkingDead.Season07.Episode09
TheWalkingDead.Season07.Episode11
TheWalkingDead.Season07.Episode15
TheWalkingDead.Season07.Episode16
